// Jest Snapshot v1, https://goo.gl/fbAQLP

exports[`words counter module should handle a whole text 1`] = `
Object {
  "Aliénor": 1,
  "Angleterre": 3,
  "Aquitaine": 1,
  "Arthur": 1,
  "Bois": 1,
  "Bouvines": 1,
  "Carta": 1,
  "Cela": 1,
  "Ces": 1,
  "Cinquième": 1,
  "Considéré": 1,
  "Couronne": 1,
  "Empire": 1,
  "Est": 1,
  "France": 3,
  "Geoffroy": 1,
  "Guerre": 1,
  "Guillaume": 1,
  "Henri": 4,
  "III": 2,
  "Ier": 1,
  "Innocent": 1,
  "Irlande": 1,
  "Irrités": 1,
  "Jean": 7,
  "Les": 1,
  "Louis": 1,
  "Magna": 1,
  "Malgré": 1,
  "Normandie": 1,
  "Philippe": 1,
  "Plantagenêt": 1,
  "Première": 1,
  "Richard": 1,
  "Robin": 1,
  "Shakespeare": 1,
  "Terren": 1,
  "Tudor": 1,
  "VIII": 1,
  "accession": 1,
  "accorda": 1,
  "accroissant": 1,
  "actuel": 1,
  "administrateur": 1,
  "affligé": 1,
  "affronter": 1,
  "ainsi": 1,
  "alliances": 1,
  "alliés": 1,
  "alors": 2,
  "angevins": 1,
  "anglais": 1,
  "année": 1,
  "apaisa": 1,
  "appliqué": 1,
  "après": 2,
  "armée": 1,
  "ascendant": 1,
  "aspects": 1,
  "avec": 1,
  "aventures": 1,
  "aînés": 1,
  "barons": 2,
  "base": 1,
  "bloquée": 1,
  "campagne": 1,
  "ces": 1,
  "changea": 1,
  "comme": 2,
  "comportement": 1,
  "compétent": 1,
  "compétition": 1,
  "confronté": 1,
  "consacra": 1,
  "consensus": 1,
  "considérablement": 1,
  "contemporains": 1,
  "continent": 1,
  "continentale": 1,
  "continentaux": 1,
  "contraint": 1,
  "contre": 1,
  "croisade": 1,
  "cruelle": 1,
  "culture": 1,
  "dans": 1,
  "depuis": 1,
  "dernier": 1,
  "des": 8,
  "destiné": 1,
  "destinés": 1,
  "devint": 2,
  "dispositions": 1,
  "dispute": 1,
  "donc": 1,
  "droits": 1,
  "dut": 1,
  "dysenterie": 1,
  "débats": 1,
  "défaite": 1,
  "définitivement": 1,
  "efforts": 1,
  "entraîna": 1,
  "entre": 1,
  "est": 1,
  "excommunication": 1,
  "faisait": 1,
  "fait": 1,
  "fiction": 1,
  "fils": 3,
  "finalement": 1,
  "financer": 1,
  "fit": 2,
  "formant": 2,
  "forte": 1,
  "frère": 1,
  "frères": 2,
  "fut": 5,
  "garantissant": 1,
  "grande": 1,
  "général": 1,
  "hausse": 1,
  "historiens": 2,
  "historiques": 1,
  "hommes": 1,
  "héritage": 1,
  "héritier": 1,
  "héros": 1,
  "immédiatement": 1,
  "impôts": 1,
  "influent": 1,
  "jugé": 1,
  "les": 11,
  "libres": 1,
  "lui": 2,
  "mais": 2,
  "manque": 1,
  "menace": 1,
  "militaires": 1,
  "monarque": 1,
  "monter": 1,
  "mort": 2,
  "mourut": 1,
  "méprisant": 1,
  "méprisante": 1,
  "neveu": 1,
  "nobles": 2,
  "nombreuses": 1,
  "nombreux": 1,
  "notamment": 2,
  "nouveau": 1,
  "nouvelle": 1,
  "négatifs": 1,
  "objet": 1,
  "offensive": 1,
  "ont": 3,
  "opposition": 1,
  "pape": 1,
  "par": 8,
  "participait": 1,
  "partie": 1,
  "pas": 1,
  "perdit": 1,
  "permit": 1,
  "personnage": 1,
  "personnalité": 1,
  "peu": 1,
  "plus": 1,
  "poitevins": 1,
  "politique": 1,
  "populaire": 1,
  "posée": 1,
  "pouvoir": 1,
  "prendre": 2,
  "prince": 1,
  "proto-protestant": 1,
  "préféré": 1,
  "présenté": 1,
  "père": 1,
  "que": 1,
  "quelconque": 1,
  "qui": 3,
  "raison": 2,
  "rapidement": 1,
  "ratée": 1,
  "rebelles": 2,
  "recevoir": 1,
  "reconquérir": 1,
  "rentrer": 1,
  "respectèrent": 1,
  "ressources": 1,
  "reste": 1,
  "retour": 1,
  "revenus": 1,
  "roi": 4,
  "royaume": 1,
  "règne": 2,
  "réformant": 1,
  "révolte": 1,
  "révoltèrent": 1,
  "sans": 2,
  "seigneur": 1,
  "selon": 1,
  "servi": 1,
  "ses": 7,
  "signature": 1,
  "situation": 1,
  "solda": 1,
  "son": 8,
  "soutenus": 1,
  "souverain": 1,
  "successeur": 1,
  "succès": 1,
  "suivante": 1,
  "sur": 4,
  "surnommé": 1,
  "taxes": 1,
  "tensions": 1,
  "tenta": 1,
  "tenter": 1,
  "terres": 1,
  "territoire": 1,
  "territoires": 2,
  "traitement": 1,
  "trois": 1,
  "troisième": 1,
  "trône": 2,
  "tyran": 1,
  "tyrannique": 1,
  "une": 2,
  "uvres": 1,
  "valut": 1,
  "varié": 1,
  "via": 1,
  "victorienne": 1,
  "éclata": 1,
  "également": 1,
  "époque": 1,
  "époques": 1,
  "était": 1,
  "été": 1,
  "évaluations": 1,
}
`;
